<html>
<body>
<pre>
<h1>µVision Build Log</h1>
<h2>Tool Versions:</h2>
IDE-Version: ¦ÌVision V5.34.0.0
Copyright (C) 2021 ARM Ltd and ARM Germany GmbH. All rights reserved.
License Information: carry carry, uos, LIC=Z3C6R-KCZNI-SGN7K-ZS66P-KKDD5-G0BTI
 
Tool Versions:
Toolchain:       MDK-ARM Professional  Version: 5.34.0.0
Toolchain Path:  D:\_kit\Keil\ARM\ARMCC\Bin
C Compiler:      Armcc.exe V5.06 update 7 (build 960)
Assembler:       Armasm.exe V5.06 update 7 (build 960)
Linker/Locator:  ArmLink.exe V5.06 update 7 (build 960)
Library Manager: ArmAr.exe V5.06 update 7 (build 960)
Hex Converter:   FromElf.exe V5.06 update 7 (build 960)
CPU DLL:         SARMCM3.DLL V5.34.0.0
Dialog DLL:      DCM.DLL V1.17.3.0
Target DLL:      CMSIS_AGDI.dll V1.32.13.0
Dialog DLL:      TCM.DLL V1.48.0.0
 
<h2>Project:</h2>
D:\_\xiuos2\xiuos\Ubiquitous\RT-Thread_Fusion_XiUOS\aiit_board\xidatong-arm32\project.uvprojx
Project File Date:  07/24/2023

<h2>Output:</h2>
*** Using Compiler 'V5.06 update 7 (build 960)', folder: 'D:\_kit\Keil\ARM\ARMCC\Bin'
Rebuild target 'rtthread'
compiling test_485.c...
applications\test_485.c(59): warning:  #940-D: missing return statement at end of non-void function "RS485_test" 
  }	
applications\test_485.c(60): warning:  #1-D: last line of file ends without a newline
  MSH_CMD_EXPORT(RS485_test, RS485 test sample);
applications\test_485.c(5): warning:  #177-D: variable "config"  was declared but never referenced
  static struct serial_configure config = RT_SERIAL_CONFIG_DEFAULT;  
applications\test_485.c: 3 warnings, 0 errors
compiling can_test.c...
applications\can_test.c(29): warning:  #177-D: variable "res"  was declared but never referenced
      rt_err_t res;
applications\can_test.c(133): warning:  #1-D: last line of file ends without a newline
  MSH_CMD_EXPORT(can_sample, can device sample);
applications\can_test.c: 2 warnings, 0 errors
compiling showmem.c...
compiling div0.c...
compiling test_232.c...
applications\test_232.c(59): warning:  #940-D: missing return statement at end of non-void function "RS232_test" 
  }	
applications\test_232.c(60): warning:  #1-D: last line of file ends without a newline
  MSH_CMD_EXPORT(RS232_test, RS232 test sample);
applications\test_232.c(5): warning:  #177-D: variable "config"  was declared but never referenced
  static struct serial_configure config = RT_SERIAL_CONFIG_DEFAULT;  
applications\test_232.c: 3 warnings, 0 errors
compiling syscall_mem.c...
compiling stdlib.c...
compiling syscalls.c...
compiling rt_client.c...
applications\rt_client.h(23): warning:  #1-D: last line of file ends without a newline
  int rt_client(int argc, char **argv);
applications\rt_client.c(67): warning:  #1182-D: a declaration cannot have a label
          process_info_t info;
applications\rt_client.c(64): warning:  #546-D: transfer of control bypasses initialization of:
            variable "pos"  (declared at line 87)
      switch (cmd)
      ^
applications\rt_client.c(30): warning:  #177-D: variable "info"  was declared but never referenced
      process_info_t info;
applications\rt_client.c(31): warning:  #177-D: variable "sys_info"  was declared but never referenced
      SystemInfo_t sys_info;
applications\rt_client.c(137): warning:  #1-D: last line of file ends without a newline
  #endif
applications\rt_client.c: 6 warnings, 0 errors
compiling time.c...
compiling test_shell.c...
..\..\..\..\APP_Framework\Framework\transform_layer\rtthread\transform.h(268): warning:  #1295-D: Deprecated declaration PrivGetTickTime - give arg types
  uint32_t PrivGetTickTime();
..\..\..\..\APP_Framework\Framework\transform_layer\rtthread\transform.h(296): warning:  #1295-D: Deprecated declaration PrivTaskenterCritical - give arg types
  void PrivTaskenterCritical();
..\..\..\..\APP_Framework\Framework\transform_layer\rtthread\transform.h(297): warning:  #1295-D: Deprecated declaration PrivTaskexitCritical - give arg types
  void PrivTaskexitCritical();
..\..\..\..\APP_Framework\Framework\transform_layer\rtthread\transform.h(305): warning:  #1-D: last line of file ends without a newline
  #endif
..\..\..\..\APP_Framework\Applications\app_test\test_shell.c: 4 warnings, 0 errors
compiling cJSON.c...
assembling context_rvds.S...
compiling backtrace.c...
compiling cpuport.c...
compiling cputime.c...
compiling can.c...
compiling pipe.c...
compiling ringbuffer.c...
compiling waitqueue.c...
compiling dataqueue.c...
compiling pin.c...
compiling completion.c...
compiling ringblk_buf.c...
compiling workqueue.c...
compiling rtc.c...
compiling phy.c...
compiling mmc.c...
compiling sd.c...
compiling block_dev.c...
compiling mmcsd_core.c...
compiling sdio.c...
compiling serial.c...
compiling cpu_cache.c...
compiling pin_mux.c...
compiling clock_config.c...
compiling drv_mdio.c...
compiling usb_host_devices.c...
..\..\rt-thread\bsp\imxrt\libraries\drivers\usb/include/usb_host_config.h(247): warning:  #1-D: last line of file ends without a newline
  #endif /* _USB_HOST_CONFIG_H_ */
..\..\rt-thread\bsp\imxrt\libraries\drivers\usb/include/usb_misc.h(496): warning:  #1-D: last line of file ends without a newline
  #endif /* __USB_MISC_H__ */
..\..\rt-thread\bsp\imxrt\libraries\drivers\usb/include/usb.h(141): warning:  #1-D: last line of file ends without a newline
  #endif /* __USB_H__ */
..\..\rt-thread\bsp\imxrt\libraries\drivers\usb\host\usb_host.h(787): warning:  #1-D: last line of file ends without a newline
  #endif /* _USB_HOST_H_ */
..\..\rt-thread\bsp\imxrt\libraries\drivers\usb\host\usb_host_hci.h(117): warning:  #1-D: last line of file ends without a newline
  #endif /* _USB_HOST_HCI_H_ */
..\..\rt-thread\bsp\imxrt\libraries\drivers\usb\host\usb_host_devices.h(155): warning:  #1-D: last line of file ends without a newline
  #endif /* _USB_HOST_DEV_MNG_H_ */
..\..\rt-thread\bsp\imxrt\libraries\drivers\usb\host\usb_host_framework.h(131): warning:  #1-D: last line of file ends without a newline
  #endif /* _USB_HOST_CH9_H_ */
..\..\rt-thread\bsp\imxrt\libraries\drivers\usb\host\usb_host_devices.c(1464): warning:  #1-D: last line of file ends without a newline
  }
..\..\rt-thread\bsp\imxrt\libraries\drivers\usb\host\usb_host_devices.c: 8 warnings, 0 errors
compiling LAN8720A.c...
board\ports\LAN8720A.c(108): warning:  #1295-D: Deprecated declaration imxrt_enet_phy_reset_by_gpio - give arg types
  extern void imxrt_enet_phy_reset_by_gpio();
board\ports\LAN8720A.c: 1 warning, 0 errors
compiling usb_host_framework.c...
..\..\rt-thread\bsp\imxrt\libraries\drivers\usb/include/usb_host_config.h(247): warning:  #1-D: last line of file ends without a newline
  #endif /* _USB_HOST_CONFIG_H_ */
..\..\rt-thread\bsp\imxrt\libraries\drivers\usb/include/usb_misc.h(496): warning:  #1-D: last line of file ends without a newline
  #endif /* __USB_MISC_H__ */
..\..\rt-thread\bsp\imxrt\libraries\drivers\usb/include/usb.h(141): warning:  #1-D: last line of file ends without a newline
  #endif /* __USB_H__ */
..\..\rt-thread\bsp\imxrt\libraries\drivers\usb\host\usb_host.h(787): warning:  #1-D: last line of file ends without a newline
  #endif /* _USB_HOST_H_ */
..\..\rt-thread\bsp\imxrt\libraries\drivers\usb\host\usb_host_hci.h(117): warning:  #1-D: last line of file ends without a newline
  #endif /* _USB_HOST_HCI_H_ */
..\..\rt-thread\bsp\imxrt\libraries\drivers\usb\host\usb_host_devices.h(155): warning:  #1-D: last line of file ends without a newline
  #endif /* _USB_HOST_DEV_MNG_H_ */
..\..\rt-thread\bsp\imxrt\libraries\drivers\usb\host\usb_host_framework.h(131): warning:  #1-D: last line of file ends without a newline
  #endif /* _USB_HOST_CH9_H_ */
..\..\rt-thread\bsp\imxrt\libraries\drivers\usb\host\usb_host_framework.c(261): warning:  #1-D: last line of file ends without a newline
  }
..\..\rt-thread\bsp\imxrt\libraries\drivers\usb\host\usb_host_framework.c: 8 warnings, 0 errors
compiling sdcard_port.c...
board\ports\sdcard_port.c(36): warning:  #1-D: last line of file ends without a newline
  INIT_APP_EXPORT(sd_mount);
board\ports\sdcard_port.c: 1 warning, 0 errors
compiling dfs_posix.c...
compiling drv_uart.c...
compiling dfs_fs.c...
compiling dfs.c...
compiling board.c...
board\board.c(1527): warning:  #1-D: last line of file ends without a newline
  MSH_CMD_EXPORT(reboot, reboot system);
board\board.c: 1 warning, 0 errors
compiling main.c...
.\board/hardware/ch438/ch438.h(413): warning:  #1-D: last line of file ends without a newline
  #endif
applications\main.c(134): warning:  #550-D: variable "res"  was set but never used
      rt_err_t res;
applications\main.c(136): warning:  #177-D: variable "thread"  was declared but never referenced
      rt_thread_t thread;
applications\main.c: 3 warnings, 0 errors
compiling dfs_file.c...
compiling devfs.c...
compiling dfs_elm.c...
compiling ffunicode.c...
compiling shell.c...
compiling msh.c...
compiling msh_file.c...
compiling ff.c...
compiling cmd.c...
compiling memheap.c...
compiling framework_init.c...
..\..\..\..\APP_Framework\Framework\transform_layer\rtthread\transform.h(268): warning:  #1295-D: Deprecated declaration PrivGetTickTime - give arg types
  uint32_t PrivGetTickTime();
..\..\..\..\APP_Framework\Framework\transform_layer\rtthread\transform.h(296): warning:  #1295-D: Deprecated declaration PrivTaskenterCritical - give arg types
  void PrivTaskenterCritical();
..\..\..\..\APP_Framework\Framework\transform_layer\rtthread\transform.h(297): warning:  #1295-D: Deprecated declaration PrivTaskexitCritical - give arg types
  void PrivTaskexitCritical();
..\..\..\..\APP_Framework\Framework\transform_layer\rtthread\transform.h(305): warning:  #1-D: last line of file ends without a newline
  #endif
..\..\..\..\APP_Framework\Framework\framework_init.c(250): warning:  #1-D: last line of file ends without a newline
  }
..\..\..\..\APP_Framework\Framework\framework_init.c(68): warning:  #177-D: variable "framework"  was declared but never referenced
  static struct InitDesc framework[] = 
..\..\..\..\APP_Framework\Framework\framework_init.c(184): warning:  #177-D: function "SensorDeviceFrameworkInit"  was declared but never referenced
  static int SensorDeviceFrameworkInit(struct InitDesc sub_desc[])
..\..\..\..\APP_Framework\Framework\framework_init.c(208): warning:  #177-D: function "ConnectionDeviceFrameworkInit"  was declared but never referenced
  static int ConnectionDeviceFrameworkInit(struct InitDesc sub_desc[])
..\..\..\..\APP_Framework\Framework\framework_init.c: 8 warnings, 0 errors
compiling irq.c...
compiling scheduler.c...
compiling idle.c...
compiling drv_gpio.c...
compiling object.c...
compiling kservice.c...
..\..\rt-thread\src\kservice.c(1308): warning:  #550-D: variable "rt_malloc_hook"  was set but never used
  static void (*rt_malloc_hook)(void *ptr, rt_size_t size);
..\..\rt-thread\src\kservice.c(1309): warning:  #550-D: variable "rt_free_hook"  was set but never used
  static void (*rt_free_hook)(void *ptr);
..\..\rt-thread\src\kservice.c: 2 warnings, 0 errors
compiling components.c...
compiling thread.c...
compiling clock.c...
compiling device.c...
compiling timer.c...
compiling mempool.c...
compiling drv_can.c...
..\..\rt-thread\bsp\imxrt\libraries\drivers\drv_can.c(384): warning:  #550-D: variable "can"  was set but never used
      struct imxrt_can *can;
..\..\rt-thread\bsp\imxrt\libraries\drivers\drv_can.c: 1 warning, 0 errors
compiling ipc.c...
compiling workqueue_legacy.c...
compiling system_MIMXRT1052.c...
compiling generic_list.c...
compiling fsl_clock.c...
compiling fsl_gpio.c...
compiling fsl_usdhc.c...
assembling startup_MIMXRT1052.s...
compiling fsl_lpuart.c...
compiling usb_phy.c...
..\..\rt-thread\bsp\imxrt\libraries\drivers\usb/include/usb_misc.h(496): warning:  #1-D: last line of file ends without a newline
  #endif /* __USB_MISC_H__ */
..\..\rt-thread\bsp\imxrt\libraries\drivers\usb/include/usb.h(141): warning:  #1-D: last line of file ends without a newline
  #endif /* __USB_H__ */
..\..\rt-thread\bsp\imxrt\libraries\drivers\usb\phy\usb_phy.c: 2 warnings, 0 errors
compiling fsl_flexcan.c...
compiling single_list.c...
..\..\..\..\APP_Framework\Applications\general_functions\list\single_list.c(91): warning:  #1-D: last line of file ends without a newline
  }
..\..\..\..\APP_Framework\Applications\general_functions\list\single_list.c: 1 warning, 0 errors
compiling double_list.c...
..\..\..\..\APP_Framework\Applications\general_functions\list\double_list.c(84): warning:  #1-D: last line of file ends without a newline
  }
..\..\..\..\APP_Framework\Applications\general_functions\list\double_list.c: 1 warning, 0 errors
compiling ip.c...
compiling netdb.c...
compiling autoip.c...
compiling ethernet.c...
compiling usb_host_hci.c...
..\..\rt-thread\bsp\imxrt\libraries\drivers\usb/include/usb_host_config.h(247): warning:  #1-D: last line of file ends without a newline
  #endif /* _USB_HOST_CONFIG_H_ */
..\..\rt-thread\bsp\imxrt\libraries\drivers\usb/include/usb_misc.h(496): warning:  #1-D: last line of file ends without a newline
  #endif /* __USB_MISC_H__ */
..\..\rt-thread\bsp\imxrt\libraries\drivers\usb/include/usb.h(141): warning:  #1-D: last line of file ends without a newline
  #endif /* __USB_H__ */
..\..\rt-thread\bsp\imxrt\libraries\drivers\usb\host\usb_host.h(787): warning:  #1-D: last line of file ends without a newline
  #endif /* _USB_HOST_H_ */
..\..\rt-thread\bsp\imxrt\libraries\drivers\usb\host\usb_host_hci.h(117): warning:  #1-D: last line of file ends without a newline
  #endif /* _USB_HOST_HCI_H_ */
..\..\rt-thread\bsp\imxrt\libraries\drivers\usb\host\usb_host_devices.h(155): warning:  #1-D: last line of file ends without a newline
  #endif /* _USB_HOST_DEV_MNG_H_ */
..\..\rt-thread\bsp\imxrt\libraries\drivers\usb\host\usb_host_ehci.h(523): warning:  #1-D: last line of file ends without a newline
  #endif /* _USB_HOST_CONTROLLER_EHCI_H_ */
..\..\rt-thread\bsp\imxrt\libraries\drivers\usb\host\usb_host_hci.c(1065): warning:  #1-D: last line of file ends without a newline
  #endif
..\..\rt-thread\bsp\imxrt\libraries\drivers\usb\host\usb_host_hci.c: 8 warnings, 0 errors
compiling sys.c...
compiling netif.c...
compiling altcp_alloc.c...
compiling netifapi.c...
compiling usb_host_ehci.c...
..\..\rt-thread\bsp\imxrt\libraries\drivers\usb/include/usb_host_config.h(247): warning:  #1-D: last line of file ends without a newline
  #endif /* _USB_HOST_CONFIG_H_ */
..\..\rt-thread\bsp\imxrt\libraries\drivers\usb/include/usb_misc.h(496): warning:  #1-D: last line of file ends without a newline
  #endif /* __USB_MISC_H__ */
..\..\rt-thread\bsp\imxrt\libraries\drivers\usb/include/usb.h(141): warning:  #1-D: last line of file ends without a newline
  #endif /* __USB_H__ */
..\..\rt-thread\bsp\imxrt\libraries\drivers\usb\host\usb_host.h(787): warning:  #1-D: last line of file ends without a newline
  #endif /* _USB_HOST_H_ */
..\..\rt-thread\bsp\imxrt\libraries\drivers\usb\host\usb_host_hci.h(117): warning:  #1-D: last line of file ends without a newline
  #endif /* _USB_HOST_HCI_H_ */
..\..\rt-thread\bsp\imxrt\libraries\drivers\usb\host\usb_host_devices.h(155): warning:  #1-D: last line of file ends without a newline
  #endif /* _USB_HOST_DEV_MNG_H_ */
..\..\rt-thread\bsp\imxrt\libraries\drivers\usb\host\usb_host_ehci.h(523): warning:  #1-D: last line of file ends without a newline
  #endif /* _USB_HOST_CONTROLLER_EHCI_H_ */
..\..\rt-thread\bsp\imxrt\libraries\drivers\usb\host\usb_host_ehci.c(4929): warning:  #1-D: last line of file ends without a newline
  #endif /* USB_HOST_CONFIG_EHCI */
..\..\rt-thread\bsp\imxrt\libraries\drivers\usb\host\usb_host_ehci.c: 8 warnings, 0 errors
compiling sockets.c...
compiling tcpip.c...
compiling ip4_addr.c...
compiling dhcp.c...
compiling init.c...
compiling etharp.c...
compiling memp.c...
compiling ip4.c...
compiling netbuf.c...
compiling raw.c...
compiling ip4_frag.c...
compiling drv_sdio.c...
compiling lowpan6.c...
compiling drv_usbh.c...
..\..\rt-thread\bsp\imxrt\libraries\drivers\drv_usbh.h(22): warning:  #1-D: last line of file ends without a newline
  /************* end of file ************/
..\..\rt-thread\bsp\imxrt\libraries\drivers\usb/include/usb_host_config.h(247): warning:  #1-D: last line of file ends without a newline
  #endif /* _USB_HOST_CONFIG_H_ */
..\..\rt-thread\bsp\imxrt\libraries\drivers\usb/include/usb_misc.h(496): warning:  #1-D: last line of file ends without a newline
  #endif /* __USB_MISC_H__ */
..\..\rt-thread\bsp\imxrt\libraries\drivers\usb/include/usb.h(141): warning:  #1-D: last line of file ends without a newline
  #endif /* __USB_H__ */
..\..\rt-thread\bsp\imxrt\libraries\drivers\usb/host/usb_host.h(787): warning:  #1-D: last line of file ends without a newline
  #endif /* _USB_HOST_H_ */
..\..\rt-thread\bsp\imxrt\libraries\drivers\usb/host/usb_host_hci.h(117): warning:  #1-D: last line of file ends without a newline
  #endif /* _USB_HOST_HCI_H_ */
..\..\rt-thread\bsp\imxrt\libraries\drivers\usb/host/usb_host_ehci.h(523): warning:  #1-D: last line of file ends without a newline
  #endif /* _USB_HOST_CONTROLLER_EHCI_H_ */
..\..\rt-thread\bsp\imxrt\libraries\drivers\drv_usbh.c(263): warning:  #111-D: statement is unreachable
          break;
..\..\rt-thread\bsp\imxrt\libraries\drivers\drv_usbh.c(275): warning:  #111-D: statement is unreachable
          break;
..\..\rt-thread\bsp\imxrt\libraries\drivers\drv_usbh.c(288): warning:  #111-D: statement is unreachable
          break;
..\..\rt-thread\bsp\imxrt\libraries\drivers\drv_usbh.c(541): warning:  #111-D: statement is unreachable
          break;
..\..\rt-thread\bsp\imxrt\libraries\drivers\drv_usbh.c(553): warning:  #111-D: statement is unreachable
          break;
..\..\rt-thread\bsp\imxrt\libraries\drivers\drv_usbh.c(566): warning:  #111-D: statement is unreachable
          break;
..\..\rt-thread\bsp\imxrt\libraries\drivers\drv_usbh.c(442): warning:  #177-D: variable "timeout"  was declared but never referenced
      int timeout = timeouts;
..\..\rt-thread\bsp\imxrt\libraries\drivers\drv_usbh.c(741): warning:  #1-D: last line of file ends without a newline
  #endif
..\..\rt-thread\bsp\imxrt\libraries\drivers\drv_usbh.c: 15 warnings, 0 errors
compiling icmp.c...
compiling tcp_out.c...
compiling stats.c...
compiling inet_chksum.c...
compiling api_lib.c...
compiling err.c...
compiling altcp.c...
compiling dns.c...
compiling tcp_in.c...
compiling igmp.c...
compiling timeouts.c...
compiling altcp_tcp.c...
compiling udp.c...
compiling def.c...
compiling pbuf.c...
compiling ping.c...
compiling if_api.c...
compiling api_msg.c...
compiling tcp.c...
compiling sys_arch.c...
compiling delay.c...
compiling select.c...
compiling poll.c...
compiling ethernetif.c...
compiling mqueue.c...
compiling semaphore.c...
compiling pthread.c...
compiling pthread_spin.c...
compiling pthread_cond.c...
compiling pthread_tls.c...
compiling pthread_barrier.c...
compiling pthread_mutex.c...
compiling pthread_attr.c...
compiling sched.c...
compiling pthread_rwlock.c...
compiling usbdevice.c...
compiling hub.c...
compiling usbdevice_core.c...
compiling usbhost.c...
compiling usbhost_core.c...
compiling udisk.c...
compiling mass.c...
compiling driver.c...
compiling netdev_ipaddr.c...
compiling netdev.c...
compiling dfs_net.c...
compiling drv_eth.c...
compiling net_sockets.c...
compiling net_netdb.c...
compiling fsl_flexspi_nor_boot.c...
compiling sal_socket.c...
compiling af_inet_lwip.c...
compiling transform.c...
..\..\..\..\APP_Framework\Framework\transform_layer\rtthread\transform.h(268): warning:  #1295-D: Deprecated declaration PrivGetTickTime - give arg types
  uint32_t PrivGetTickTime();
..\..\..\..\APP_Framework\Framework\transform_layer\rtthread\transform.h(296): warning:  #1295-D: Deprecated declaration PrivTaskenterCritical - give arg types
  void PrivTaskenterCritical();
..\..\..\..\APP_Framework\Framework\transform_layer\rtthread\transform.h(297): warning:  #1295-D: Deprecated declaration PrivTaskexitCritical - give arg types
  void PrivTaskexitCritical();
..\..\..\..\APP_Framework\Framework\transform_layer\rtthread\transform.h(305): warning:  #1-D: last line of file ends without a newline
  #endif
..\..\..\..\APP_Framework\Framework\transform_layer\rtthread\transform.c(105): warning:  #940-D: missing return statement at end of non-void function "PrivTaskDelay" 
  }
..\..\..\..\APP_Framework\Framework\transform_layer\rtthread\transform.c: 5 warnings, 0 errors
compiling fsl_xbara.c...
compiling fsl_common.c...
compiling fsl_cache.c...
compiling fsl_xbarb.c...
compiling fsl_enet.c...
compiling fsl_os_abstraction_rtthread.c...
compiling fsl_flexspi_nor_flash.c...
linking...
Program Size: Code=222810 RO-data=12762 RW-data=4716 ZI-data=126520  
After Build - User command #1: fromelf --bin .\build\keil\Obj\rtthread.axf --output rtthread.bin
".\build\keil\Obj\rtthread.axf" - 0 Error(s), 91 Warning(s).

<h2>Software Packages used:</h2>

Package Vendor: NXP
                https://mcuxpresso.nxp.com/cmsis_pack/repo/NXP.MIMXRT1052_DFP.16.0.0.pack
                NXP.MIMXRT1052_DFP.16.0.0
                Device Family Pack for MIMXRT1052

<h2>Collection of Component include folders:</h2>
  D:\_kit\Keil\Packs\NXP\MIMXRT1052_DFP\16.0.0

<h2>Collection of Component Files used:</h2>
Build Time Elapsed:  00:00:29
</pre>
</body>
</html>
